lvlarrp.p 2+                                         36.16.10.3 许可应用程序报表                                      日期: 08/14/12
页:      1                                            捷和工业电机(深圳)有限公司                                      时间: 17:05:35

应用程序     许可                                许可         Appln         许可 安装      安装      截止     审计         审计
描述         代码                                类型         版本          数量 日期/时间 人        日期     截止日期  天数/号
------------ ----------------------------------- ------------ -------- --------- --------- --------- -------- -------- --------
AUDIT        D&CFP D&9PS D&8ZR DK5VS D&8&R TJQMC 名称为       eB2              1 02/28/11  mfg       10/27/07 02/28/12       90
License Audit                                                                   14:56:40

MFG/PRO      FFM4M FF04M FFMDM FG1&M FFM2M VDC66 并行的       eB2             20 02/28/11  mfg                02/28/12       90
MFG/PRO Foundation                                                              14:56:00



                                                           报表结束
lvlarrp.p 2+                                         36.16.10.3 许可应用程序报表                                      日期: 08/14/12
页:      2                                            捷和工业电机(深圳)有限公司                                      时间: 17:05:35




报表选择条件:                           报表提交人:                ssuser


           应用程序:                      至:

               仅显示活动许可: No
                                                               输出: local
                                                         批处理标志:
