lvlarrp.p 2+                                         36.16.10.3 许可应用程序报表                                      日期: 11/03/22
页:      1                                            广州昭和汽车零部件有限公司                                      时间: 11:26:28

应用程序     许可                                许可         Appln         许可 安装      安装      截止     审计         审计
描述         代码                                类型         版本          数量 日期/时间 人        日期     截止日期  天数/号
------------ ----------------------------------- ------------ -------- --------- --------- --------- -------- -------- --------
AUDIT        D&87S D&BXF D&CMD DK6&F D&CVD TJMZZ 名称为       eB2              1 07/09/20  admin     07/09/30 08/09/19
License Audit                                                                   16:52:19                                     1

MFG/PRO      P1FBZ P05BZ P1F8Y P2RYZ P1FDZ 00K8F 名称为       eB2             40 09/11/25  admin              10/11/25       90
MFG/PRO Foundation                                                              11:39:56



                                                           报表结束
lvlarrp.p 2+                                         36.16.10.3 许可应用程序报表                                      日期: 11/03/22
页:      2                                            广州昭和汽车零部件有限公司                                      时间: 11:26:28




报表选择条件:                           报表提交人:                admin


           应用程序:                      至:

               仅显示活动许可: Y)是
                                                               输出: printer1
                                                         批处理标志:
