lvlarrp.p 2+                                         36.16.10.3 许可应用程序报表                                      日期: 11/02/18
页:      1                                             贵阳新天光电科技有限公司                                       时间: 15:37:08

应用程序     许可                                许可         Appln         许可 安装      安装      截止     审计         审计
描述         代码                                类型         版本          数量 日期/时间 人        日期     截止日期  天数/号
------------ ----------------------------------- ------------ -------- --------- --------- --------- -------- -------- --------
ECOMMERCE    69NC7 69ZC7 69ND6 6DKP7 69N37 &8B9N 名称为       eB2.1           10 10/03/11  mfg                11/03/11       90
EDI ECommerce                                                                   08:50:35

MFG/PRO      69QNY 69XNY 69QKZ 6B21Y 69QXY &88QD 名称为       eB2.1           10 10/03/11  mfg                11/03/11       90
MFG/PRO Foundation                                                              08:47:50

SSD          69SHR 69LHR 69S8S 68KXR 69S7R &86FB 名称为       eB2.1           10 10/03/11  mfg                11/03/11       90
Shared Services Domain                                                          08:51:23



                                                           报表结束
lvlarrp.p 2+                                         36.16.10.3 许可应用程序报表                                      日期: 11/02/18
页:      2                                             贵阳新天光电科技有限公司                                       时间: 15:37:08




报表选择条件:                           报表提交人:                mfg


           应用程序:                      至:

               仅显示活动许可: Yes
                                                               输出: printer
                                                          批处理 ID:
